// 重构日志: f2f3ad73
// 重构日志: c4b8592f
// 重构日志: 1e191cef
// 重构日志: a5bd446a
// 重构日志: 59e63005
// 重构日志: 90d3f87c
// 重构日志: ad3a214a
// 重构日志: b9d97247
// 重构日志: d0227d76
// 同步 ID: badeecf4 @ Sat Jul 25 17:51:50 UTC 2026
// 同步 ID: 521605a2 @ Sun Jul 26 07:45:23 UTC 2026
// 重构日志: bbef8999
// 同步 ID: 26a9a258 @ Mon Jul 27 08:42:20 UTC 2026
// 重构日志: f05f8400
// 重构日志: 6cd6300e
// 同步 ID: 67f7cddd @ Thu Jul 30 04:43:34 UTC 2026
// 同步 ID: c46da09a @ Thu Jul 30 08:16:37 UTC 2026
// 重构日志: 64ab017d
// 同步 ID: 1766793f @ Sat Aug  1 09:47:23 UTC 2026
// 重构日志: 0a8d3f0a
// 重构日志: 93dd5a64
// 重构日志: 17fe6ee3
// 重构日志: b7a1cae1
// 重构日志: 90ad4dd9
// 重构日志: a1237f7f
// 重构日志: e56b649f
// 重构日志: 420e1664
// 同步 ID: 1aab84a6 @ Wed Aug  5 23:23:08 UTC 2026
// 重构日志: f6b281ef
// 同步 ID: 8ad4ca15 @ Thu Aug  6 06:30:02 UTC 2026
// 重构日志: f20201a9
// 重构日志: a309036a
// 重构日志: 3c951a04
